[    9551ms] [WARNING] jQuery.Deferred exception: d3 is not defined ReferenceError: d3 is not defined
    at HTMLDocument.<anonymous> (https://www.codechef.com/sites/all/themes/mallow/js/mallow.min.js?v=ecc5fe6b52ca4a2c5f788355018fccda:1:12302)
    at c (https://cdn.codechef.com/js/jquery/1.9.1/jquery.min.js?F:3:7857)
    at Object.add [as done] (https://cdn.codechef.com/js/jquery/1.9.1/jquery.min.js?F:3:8167)
    at init.ready (https://cdn.codechef.com/js/jquery/1.9.1/jquery.min.js?F:3:2072)
    at HTMLDocument.<anonymous> (https://www.codechef.com/sites/all/themes/mallow/js/mallow.min.js?v=ecc5fe6b52ca4a2c5f788355018fccda:1:12054)
    at e (https://ajax.googleapis.com/ajax/libs/jquery/3.5.1/jquery.min.js:2:30005)
    at t (https://ajax.googleapis.com/ajax/libs/jquery/3.5.1/jquery.min.js:2:30307) undefined @ https://ajax.googleapis.com/ajax/libs/jquery/3.5.1/jquery.min.js:1
[    9558ms] Uncaught ReferenceError: d3 is not defined
    at <anonymous> (https://www.codechef.com/sites/all/themes/mallow/js/mallow.min.js?v=ecc5fe6b52ca4a2c5f788355018fccda:0:12301)
    at c (https://cdn.codechef.com/js/jquery/1.9.1/jquery.min.js?F:2:7856)
    at add (https://cdn.codechef.com/js/jquery/1.9.1/jquery.min.js?F:2:8166)
    at ready (https://cdn.codechef.com/js/jquery/1.9.1/jquery.min.js?F:2:2071)
    at <anonymous> (https://www.codechef.com/sites/all/themes/mallow/js/mallow.min.js?v=ecc5fe6b52ca4a2c5f788355018fccda:0:12053)
    at e (https://ajax.googleapis.com/ajax/libs/jquery/3.5.1/jquery.min.js:1:30004)
    at t (https://ajax.googleapis.com/ajax/libs/jquery/3.5.1/jquery.min.js:1:30306)
[    9826ms] [INFO] Autofocus processing was blocked because a document already has a focused element. @ https://www.codechef.com/login?destination=%2F:0
[   11858ms] [VERBOSE] [DOM] Password field is not contained in a form: (More info: https://goo.gl/9p2vKq) %o @ https://accounts.google.com/v3/signin/identifier?opparams=%253F&dsh=S170163940%3A1790501522861325&approval_prompt=auto&client_id=239412980790-t66g30lvvdcs9u1q0l8tha23599ltt1j.apps.googleusercontent.com&o2v=2&redirect_uri=https%3A%2F%2Fwww.codechef.com%2FOAuth%2Fgoogle&response_type=code&scope=https%3A%2F%2Fwww.googleapis.com%2Fauth%2Fuserinfo.profile+https%3A%2F%2Fwww.googleapis.com%2Fauth%2Fuserinfo.email&service=lso&state=e51d3a3cda4c415e4563eb858dd9129a677ebca98b78c1fed84d35a2683f617c&flowName=GeneralOAuthFlow&continue=https%3A%2F%2Faccounts.google.com%2Fsignin%2Foauth%2Fconsent%3Fauthuser%3Dunknown%26part%3DAJi8hAMqp5rV5DR_-o4rAdBu45D4a0rjqg8DDk9XJN6fbRYn9HLKEAl6ZApI1q8GEPvsaQ9-3sNkm8zqa0gWWaxH7VNzixX5ciwmjFwXRbtcqiCx8ccn9a1vJHN8ubXor5AAOYob51mrnEyj27Qp_vubXMXdFMKbLTxWEna2O69cC2LWYzWIfX0tVpGEYWzPqZigi0mmVPmU71BdPswTGRCtsNQobtnewezeKi0AjldfQMRS0-8e6263N-aGgwqe1NZNwlWpHAJI9xszc4wGLR2jfmZQfoORbPCsLL7ej1mg4_WasakxD5MJtd-7T0FqWtMmOohhJT281xXICyG6yzcc-2CW8X1A3ti-GO1kIU--PD96pmEb9dnBePlKlzGaRQkn10JGzo2E5jcamLfSe7NXi-74y_WJpIcbBaBT9TXO3vNuk1j_vqr3scpNYbhhSEr54w-C9wW_dgYW4I2TxnzQq4in32O5PA%26flowName%3DGeneralOAuthFlow%26as%3DS170163940%253A1790501522861325%26client_id%3D239412980790-t66g30lvvdcs9u1q0l8tha23599ltt1j.apps.googleusercontent.com%26requestPath%3D%252Fsignin%252Foauth%252Fconsent%23&app_domain=https%3A%2F%2Fwww.codechef.com&rart=ANgoxcfucoh5CirZSQqsZXDgym2UwKQh8c0jY30fDUTecgcBaVu3MBN6_ecE7OnlqdjcCMeg-HTOgFUhHNNhGYiHrUaIVp9hhG-QEXzz4_idEBx_9z8NLNE:0
[   11876ms] [LOG] %c%s color: red; background: yellow; font-size: 24px; WARNING! @ https://www.gstatic.com/_/mss/boq-identity/_/js/k=boq-identity.AccountsSignInUi.en_US.HlNk4SmlRUo.es5.O/am=QQQAAADgwBsJAPrfAAACCLYDvq8FoAkQMgAAAAAAAAAAgAUAAFQRQA/d=1/excm=_b,_tp,identifierview/ed=1/dg=0/wt=2/ujg=1/rs=AOaEmlExgf7GwHH48pCfEZL0t_wPLRWufg/dti=1/m=_b,_tp:563
[   11876ms] [LOG] %c%s font-size: 18px; Using this console may allow attackers to impersonate you and steal your information using an attack called Self-XSS.
Do not enter or paste code that you do not understand. @ https://www.gstatic.com/_/mss/boq-identity/_/js/k=boq-identity.AccountsSignInUi.en_US.HlNk4SmlRUo.es5.O/am=QQQAAADgwBsJAPrfAAACCLYDvq8FoAkQMgAAAAAAAAAAgAUAAFQRQA/d=1/excm=_b,_tp,identifierview/ed=1/dg=0/wt=2/ujg=1/rs=AOaEmlExgf7GwHH48pCfEZL0t_wPLRWufg/dti=1/m=_b,_tp:563
[   12475ms] [WARNING] The powerPreference option is currently ignored when calling requestAdapter() on Windows. See https://crbug.com/369219127 @ :0
[   12482ms] [WARNING] The powerPreference option is currently ignored when calling requestAdapter() on Windows. See https://crbug.com/369219127 @ :0
[   40052ms] [VERBOSE] [DOM] Password field is not contained in a form: (More info: https://goo.gl/9p2vKq) %o @ https://accounts.google.com/v3/signin/challenge/pwd?TL=ADG-GRR5pacHNhFvkNQsOAWTJXNNSaTGuym2VWxAMHHN99s1EzNUQHaZ6yd8FIUV&app_domain=https%3A%2F%2Fwww.codechef.com&approval_prompt=auto&checkConnection=youtube%3A169&checkedDomains=youtube&cid=2&client_id=239412980790-t66g30lvvdcs9u1q0l8tha23599ltt1j.apps.googleusercontent.com&continue=https%3A%2F%2Faccounts.google.com%2Fsignin%2Foauth%2Fconsent%3Fauthuser%3Dunknown%26part%3DAJi8hAMqp5rV5DR_-o4rAdBu45D4a0rjqg8DDk9XJN6fbRYn9HLKEAl6ZApI1q8GEPvsaQ9-3sNkm8zqa0gWWaxH7VNzixX5ciwmjFwXRbtcqiCx8ccn9a1vJHN8ubXor5AAOYob51mrnEyj27Qp_vubXMXdFMKbLTxWEna2O69cC2LWYzWIfX0tVpGEYWzPqZigi0mmVPmU71BdPswTGRCtsNQobtnewezeKi0AjldfQMRS0-8e6263N-aGgwqe1NZNwlWpHAJI9xszc4wGLR2jfmZQfoORbPCsLL7ej1mg4_WasakxD5MJtd-7T0FqWtMmOohhJT281xXICyG6yzcc-2CW8X1A3ti-GO1kIU--PD96pmEb9dnBePlKlzGaRQkn10JGzo2E5jcamLfSe7NXi-74y_WJpIcbBaBT9TXO3vNuk1j_vqr3scpNYbhhSEr54w-C9wW_dgYW4I2TxnzQq4in32O5PA%26flowName%3DGeneralOAuthFlow%26as%3DS170163940%253A1790501522861325%26client_id%3D239412980790-t66g30lvvdcs9u1q0l8tha23599ltt1j.apps.googleusercontent.com%26requestPath%3D%252Fsignin%252Foauth%252Fconsent%23&dsh=S170163940%3A1790501522861325&flowName=GeneralOAuthFlow&o2v=2&opparams=%253F&pstMsg=1&rart=ANgoxcfucoh5CirZSQqsZXDgym2UwKQh8c0jY30fDUTecgcBaVu3MBN6_ecE7OnlqdjcCMeg-HTOgFUhHNNhGYiHrUaIVp9hhG-QEXzz4_idEBx_9z8NLNE&redirect_uri=https%3A%2F%2Fwww.codechef.com%2FOAuth%2Fgoogle&response_type=code&scope=https%3A%2F%2Fwww.googleapis.com%2Fauth%2Fuserinfo.profile%20https%3A%2F%2Fwww.googleapis.com%2Fauth%2Fuserinfo.email&service=lso&state=e51d3a3cda4c415e4563eb858dd9129a677ebca98b78c1fed84d35a2683f617c:0
[   40374ms] [WARNING] The powerPreference option is currently ignored when calling requestAdapter() on Windows. See https://crbug.com/369219127 @ :0
