[  405076ms] [ERROR] Failed to load resource: the server responded with a status of 405 () @ https://golden-pigeon-ide.codechef-apps.com/:0
[  405457ms] [ERROR] Failed to load resource: the server responded with a status of 404 () @ https://www.codechef.com/build/vscode/static/resources/server/manifest.json:0
[  405469ms] [ERROR] Manifest fetch from https://www.codechef.com/build/vscode/static/resources/server/manifest.json failed, code 404 @ https://www.codechef.com/learn/course/polaris-dsa-go-s3-2026/PGO06/problems/POLGOPRO79?folder=%2Fhome%2Fchef%2Fworkspace:0
[  406075ms] [LOG] %c INFO color: #33f Resolving connection token (golden-pigeon-ide.codechef-apps.com)... @ https://www.codechef.com/build/vscode/static/out/vs/code/browser/workbench/workbench.js:34
[  406078ms] [LOG] %c INFO color: #33f Resolved connection token (golden-pigeon-ide.codechef-apps.com) after 4 ms @ https://www.codechef.com/build/vscode/static/out/vs/code/browser/workbench/workbench.js:34
[  406083ms] [LOG] %c INFO color: #33f Creating a socket (renderer-Management-999a3689-c8ea-4625-8d1a-f712fde80b5a)... @ https://www.codechef.com/build/vscode/static/out/vs/code/browser/workbench/workbench.js:34
[  406347ms] [WARNING] The web worker extension host is started in a same-origin iframe! @ https://www.codechef.com/build/vscode/static/out/vs/code/browser/workbench/workbench.js:3073
[  406350ms] [LOG] %c INFO color: #33f Ignoring fetching additional builtin extensions from gallery as it is disabled. @ https://www.codechef.com/build/vscode/static/out/vs/code/browser/workbench/workbench.js:34
[  406351ms] [LOG] %c INFO color: #33f Creating a socket (renderer-ExtensionHost-95dddc2d-c031-451d-b980-1d4385448b59)... @ https://www.codechef.com/build/vscode/static/out/vs/code/browser/workbench/workbench.js:34
[  406408ms] [LOG] %c INFO color: #33f Creating a socket (renderer-Management-999a3689-c8ea-4625-8d1a-f712fde80b5a) was successful after 325 ms. @ https://www.codechef.com/build/vscode/static/out/vs/code/browser/workbench/workbench.js:34
[  406444ms] [LOG] %c INFO color: #33f Ignoring fetching additional builtin extensions from gallery as it is disabled. @ https://www.codechef.com/build/vscode/static/out/vs/code/browser/workbench/workbench.js:34
[  406455ms] [ERROR] Failed to load resource: the server responded with a status of 404 () @ https://www.codechef.com/build/vscode/static/node_modules/vsda/rust/web/vsda.js:0
[  406501ms] [LOG] %c INFO color: #33f Creating a socket (renderer-ExtensionHost-95dddc2d-c031-451d-b980-1d4385448b59) was successful after 150 ms. @ https://www.codechef.com/build/vscode/static/out/vs/code/browser/workbench/workbench.js:34
[  406610ms] [ERROR] Framing 'https://www.codechef.com/' violates the following Content Security Policy directive: "frame-ancestors https://apps.facebook.com". The request has been blocked.
 @ :0
[  406754ms] [ERROR] Failed to load resource: the server responded with a status of 404 () @ https://www.codechef.com/build/vscode/static/node_modules/vsda/rust/web/vsda_bg.wasm:0
[  408254ms] [LOG] %c INFO color: #33f Ignoring fetching additional builtin extensions from gallery as it is disabled. @ https://www.codechef.com/build/vscode/static/out/vs/code/browser/workbench/workbench.js:34
[  409777ms] [LOG] %c INFO color: #33f Ignoring fetching additional builtin extensions from gallery as it is disabled. @ https://www.codechef.com/build/vscode/static/out/vs/code/browser/workbench/workbench.js:34
[  409840ms] [LOG] %c INFO color: #33f Ignoring fetching additional builtin extensions from gallery as it is disabled. @ https://www.codechef.com/build/vscode/static/out/vs/code/browser/workbench/workbench.js:34
[  410265ms] [LOG] %c[Extension Host] %cinstalling vscgo: install -trimpath github.com/golang/vscode-go/vscgo@v0.52.1 color: blue color:  @ https://www.codechef.com/build/vscode/static/out/vs/code/browser/workbench/workbench.js:616
[  410455ms] [LOG] %c INFO color: #33f Updating additional builtin extensions cache @ https://www.codechef.com/build/vscode/static/out/vs/code/browser/workbench/workbench.js:34
[  410494ms] [LOG] %c INFO color: #33f Ignoring fetching additional builtin extensions from gallery as it is disabled. @ https://www.codechef.com/build/vscode/static/out/vs/code/browser/workbench/workbench.js:34
[  410496ms] [LOG] %c INFO color: #33f Ignoring fetching additional builtin extensions from gallery as it is disabled. @ https://www.codechef.com/build/vscode/static/out/vs/code/browser/workbench/workbench.js:34
[  410668ms] [LOG] %c INFO color: #33f Ignoring fetching additional builtin extensions from gallery as it is disabled. @ https://www.codechef.com/build/vscode/static/out/vs/code/browser/workbench/workbench.js:34
[  410825ms] [LOG] %c INFO color: #33f Ignoring fetching additional builtin extensions from gallery as it is disabled. @ https://www.codechef.com/build/vscode/static/out/vs/code/browser/workbench/workbench.js:34
[  411604ms] [WARNING] %c[Extension Host] %cGit installation not found. color: blue color:  @ https://www.codechef.com/build/vscode/static/out/vs/code/browser/workbench/workbench.js:616
[  419298ms] [LOG] %c INFO color: #33f [lifecycle] onBeforeUnload triggered and handled with veto support @ https://www.codechef.com/build/vscode/static/out/vs/code/browser/workbench/workbench.js:34
[  419301ms] [LOG] %c  ERR color: #f33 [lifecycle] Long running operations during shutdown are unsupported in the web (id: join.disconnectRemote) @ https://www.codechef.com/build/vscode/static/out/vs/code/browser/workbench/workbench.js:34
[  419402ms] [LOG] %c  ERR color: #f33 Unable to write file 'vscode-log:/20260928T121651/window.log' (Error: IndexedDB database 'vscode-web-db' is closed.): Error: Unable to write file 'vscode-log:/20260928T121651/window.log' (Error: IndexedDB database 'vscode-web-db' is closed.)
    at sit.writeFile (https://www.codechef.com/build/vscode/static/out/vs/code/browser/workbench/workbench.js:3070:99361)
    at async _it.flush (https://www.codechef.com/build/vscode/static/out/vs/code/browser/workbench/workbench.js:3072:84071) @ https://www.codechef.com/build/vscode/static/out/vs/code/browser/workbench/workbench.js:34
